[risotto.mycookroom.ru/1.0.8/start.html]
[backblue.gif]
[fade.gif]
[index.html]
[risotto.mycookroom.ru/1.0.8/assets/images/favicon.png]
[risotto.mycookroom.ru/1.0.8/assets/images/apple-touch-icon.png]
[risotto.mycookroom.ru/1.0.8/assets/images/apple-touch-icon-72x72.png]
[risotto.mycookroom.ru/1.0.8/assets/images/apple-touch-icon-114x114.png]
[risotto.mycookroom.ru/1.0.8/assets/bootstrap/css/bootstrap.min.css]
[risotto.mycookroom.ru/1.0.8/assets/css/font-awesome.min.css]
[risotto.mycookroom.ru/1.0.8/assets/css/eleganticons.css]
[risotto.mycookroom.ru/1.0.8/assets/css/bootstrap-datepicker3.min.css]
[risotto.mycookroom.ru/1.0.8/assets/css/jquery.timepicker.css]
[risotto.mycookroom.ru/1.0.8/assets/css/magnific-popup.css]
[risotto.mycookroom.ru/1.0.8/assets/css/owl.carousel.css]
[risotto.mycookroom.ru/1.0.8/assets/css/vertical.min.css]
[risotto.mycookroom.ru/1.0.8/assets/css/animate.min.css]
[risotto.mycookroom.ru/1.0.8/assets/css/flexslider.css]
[risotto.mycookroom.ru/1.0.8/assets/css/template.css]
[risotto.mycookroom.ru/1.0.8/index.html]
[risotto.mycookroom.ru/1.0.8/assets/images/logo-light.png]
[risotto.mycookroom.ru/1.0.8/op-index.html]
[risotto.mycookroom.ru/1.0.8/op-index-2.html]
[risotto.mycookroom.ru/1.0.8/op-index-3.html]
[risotto.mycookroom.ru/1.0.8/op-index-4.html]
[risotto.mycookroom.ru/1.0.8/op-index-5.html]
[risotto.mycookroom.ru/1.0.8/index-2.html]
[risotto.mycookroom.ru/1.0.8/index-3.html]
[risotto.mycookroom.ru/1.0.8/index-4.html]
[risotto.mycookroom.ru/1.0.8/index-5.html]
[risotto.mycookroom.ru/1.0.8/index-winery.html]
[risotto.mycookroom.ru/1.0.8/menu.html]
[risotto.mycookroom.ru/1.0.8/menu-2.html]
[risotto.mycookroom.ru/1.0.8/about.html]
[risotto.mycookroom.ru/1.0.8/gallery.html]
[risotto.mycookroom.ru/1.0.8/page-404.html]
[risotto.mycookroom.ru/1.0.8/shop-grid.html]
[risotto.mycookroom.ru/1.0.8/shop-grid-2.html]
[risotto.mycookroom.ru/1.0.8/shop-product.html]
[risotto.mycookroom.ru/1.0.8/shop-checkout.html]
[risotto.mycookroom.ru/1.0.8/shop-checkout-completed.html]
[risotto.mycookroom.ru/1.0.8/shop-cart.html]
[risotto.mycookroom.ru/1.0.8/shop-cart-empty.html]
[risotto.mycookroom.ru/1.0.8/blog-2.html]
[risotto.mycookroom.ru/1.0.8/blog.html]
[risotto.mycookroom.ru/1.0.8/blog-single.html]
[risotto.mycookroom.ru/1.0.8/components-accordions.html]
[risotto.mycookroom.ru/1.0.8/components-buttons.html]
[risotto.mycookroom.ru/1.0.8/components-counters.html]
[risotto.mycookroom.ru/1.0.8/components-clients.html]
[risotto.mycookroom.ru/1.0.8/components-featuresbox.html]
[risotto.mycookroom.ru/1.0.8/components-forms.html]
[risotto.mycookroom.ru/1.0.8/components-grid.html]
[risotto.mycookroom.ru/1.0.8/components-iconboxes.html]
[risotto.mycookroom.ru/1.0.8/components-icons-font-awesome.html]
[risotto.mycookroom.ru/1.0.8/components-elegant-icon.html]
[risotto.mycookroom.ru/1.0.8/components-modules.html]
[risotto.mycookroom.ru/1.0.8/components-pagination.html]
[risotto.mycookroom.ru/1.0.8/components-progress-bars.html]
[risotto.mycookroom.ru/1.0.8/components-tabs.html]
[risotto.mycookroom.ru/1.0.8/components-tables.html]
[risotto.mycookroom.ru/1.0.8/components-team.html]
[risotto.mycookroom.ru/1.0.8/components-typography.html]
[risotto.mycookroom.ru/1.0.8/contact.html]
[risotto.mycookroom.ru/1.0.8/assets/images/shop/1.jpg]
[risotto.mycookroom.ru/1.0.8/assets/images/shop/2.jpg]
[risotto.mycookroom.ru/1.0.8/assets/images/demo/1.jpg]
[risotto.mycookroom.ru/1.0.8/assets/images/demo/2.jpg]
[risotto.mycookroom.ru/1.0.8/assets/images/demo/3.jpg]
[risotto.mycookroom.ru/1.0.8/assets/images/demo/4.jpg]
[risotto.mycookroom.ru/1.0.8/assets/images/demo/6.jpg]
[risotto.mycookroom.ru/1.0.8/assets/images/demo/7.jpg]
[risotto.mycookroom.ru/1.0.8/assets/images/demo/5.jpg]
[risotto.mycookroom.ru/1.0.8/assets/js/jquery-2.2.3.min.js]
[risotto.mycookroom.ru/1.0.8/assets/bootstrap/js/bootstrap.min.js]
[risotto.mycookroom.ru/1.0.8/start.html]
[risotto.mycookroom.ru/1.0.8/assets/js/custom.min.js]
[risotto.mycookroom.ru/1.0.8/assets/bootstrap/fonts/glyphicons-halflings-regular.eot]
[risotto.mycookroom.ru/1.0.8/assets/bootstrap/fonts/glyphicons-halflings-regulard41d.eot]
[risotto.mycookroom.ru/1.0.8/assets/bootstrap/fonts/glyphicons-halflings-regular.woff2]
[risotto.mycookroom.ru/1.0.8/assets/bootstrap/fonts/glyphicons-halflings-regular.svg]
[risotto.mycookroom.ru/1.0.8/assets/bootstrap/css/bootstrap.min.css]
[risotto.mycookroom.ru/1.0.8/assets/bootstrap/fonts/glyphicons-halflings-regular.woff]
[risotto.mycookroom.ru/1.0.8/assets/fonts/fontawesome-webfont5b62.eot]
[risotto.mycookroom.ru/1.0.8/assets/fonts/fontawesome-webfontd41d.eot]
[risotto.mycookroom.ru/1.0.8/assets/js/plugins.min.js]
[risotto.mycookroom.ru/1.0.8/assets/bootstrap/fonts/glyphicons-halflings-regular.ttf]
[risotto.mycookroom.ru/1.0.8/assets/fonts/fontawesome-webfont5b62.svg]
[risotto.mycookroom.ru/1.0.8/assets/css/font-awesome.min.css]
[risotto.mycookroom.ru/1.0.8/assets/fonts/fontawesome-webfont5b62.woff2]
[risotto.mycookroom.ru/1.0.8/assets/fonts/ElegantIcons.eot]
[risotto.mycookroom.ru/1.0.8/assets/fonts/fontawesome-webfont5b62.woff]
[risotto.mycookroom.ru/1.0.8/assets/fonts/ElegantIconsd41d.eot]
[risotto.mycookroom.ru/1.0.8/assets/fonts/fontawesome-webfont5b62.ttf]
[risotto.mycookroom.ru/1.0.8/assets/fonts/ElegantIcons.woff]
[risotto.mycookroom.ru/1.0.8/assets/css/eleganticons.css]
[risotto.mycookroom.ru/1.0.8/assets/css/bootstrap-datepicker3.min.css]
[risotto.mycookroom.ru/1.0.8/assets/css/jquery.timepicker.css]
[risotto.mycookroom.ru/1.0.8/assets/css/magnific-popup.css]
[risotto.mycookroom.ru/1.0.8/assets/images/grabbing.png]
[risotto.mycookroom.ru/1.0.8/assets/css/owl.carousel.css]
[risotto.mycookroom.ru/1.0.8/assets/css/vertical.min.css]
[risotto.mycookroom.ru/1.0.8/assets/css/animate.min.css]
[risotto.mycookroom.ru/1.0.8/assets/css/flexslider.css]
[risotto.mycookroom.ru/1.0.8/assets/css/template.css]
[risotto.mycookroom.ru/1.0.8/assets/images/feature-2.jpg]
[risotto.mycookroom.ru/1.0.8/assets/images/feature-1.jpg]
[risotto.mycookroom.ru/1.0.8/assets/fonts/ElegantIcons.svg]
[risotto.mycookroom.ru/1.0.8/assets/images/feature-3.jpg]
[risotto.mycookroom.ru/1.0.8/assets/fonts/ElegantIcons.ttf]
[risotto.mycookroom.ru/1.0.8/assets/images/module-10.jpg]
[risotto.mycookroom.ru/1.0.8/assets/images/avatar/2.jpg]
[risotto.mycookroom.ru/1.0.8/assets/images/avatar/1.jpg]
[risotto.mycookroom.ru/1.0.8/assets/images/gallery/1.jpg]
[risotto.mycookroom.ru/1.0.8/assets/images/gallery/2.jpg]
[risotto.mycookroom.ru/1.0.8/assets/images/gallery/3.jpg]
[risotto.mycookroom.ru/1.0.8/assets/images/gallery/4.jpg]
[risotto.mycookroom.ru/1.0.8/assets/images/gallery/5.jpg]
[risotto.mycookroom.ru/1.0.8/assets/images/gallery/6.jpg]
[risotto.mycookroom.ru/1.0.8/index.html]
[risotto.mycookroom.ru/1.0.8/op-index.html]
[risotto.mycookroom.ru/1.0.8/assets/images/module-9.jpg]
[risotto.mycookroom.ru/1.0.8/assets/images/module-7.jpg]
[risotto.mycookroom.ru/1.0.8/assets/images/module-2.jpg]
[risotto.mycookroom.ru/1.0.8/op-index-2.html]
[risotto.mycookroom.ru/1.0.8/op-index-3.html]
[risotto.mycookroom.ru/1.0.8/op-index-4.html]
[risotto.mycookroom.ru/1.0.8/op-index-5.html]
[risotto.mycookroom.ru/1.0.8/index-2.html]
[risotto.mycookroom.ru/1.0.8/index-3.html]
[risotto.mycookroom.ru/1.0.8/index-4.html]
[risotto.mycookroom.ru/1.0.8/index-5.html]
[risotto.mycookroom.ru/1.0.8/assets/images/1.jpg]
[risotto.mycookroom.ru/1.0.8/assets/images/2.jpg]
[risotto.mycookroom.ru/1.0.8/assets/images/3.jpg]
[risotto.mycookroom.ru/1.0.8/assets/images/4.jpg]
[risotto.mycookroom.ru/1.0.8/index-winery.html]
[risotto.mycookroom.ru/1.0.8/menu.html]
[risotto.mycookroom.ru/1.0.8/menu-2.html]
[risotto.mycookroom.ru/1.0.8/assets/images/signature.png]
[risotto.mycookroom.ru/1.0.8/assets/images/about-1.jpg]
[risotto.mycookroom.ru/1.0.8/assets/images/team/team-1.jpg]
[risotto.mycookroom.ru/1.0.8/assets/images/team/team-3.jpg]
[risotto.mycookroom.ru/1.0.8/assets/images/team/team-2.jpg]
[risotto.mycookroom.ru/1.0.8/assets/images/team/team-4.jpg]
[risotto.mycookroom.ru/1.0.8/assets/images/clients/client-1.png]
[risotto.mycookroom.ru/1.0.8/assets/images/clients/client-2.png]
[risotto.mycookroom.ru/1.0.8/assets/images/clients/client-3.png]
[risotto.mycookroom.ru/1.0.8/assets/images/clients/client-4.png]
[risotto.mycookroom.ru/1.0.8/assets/images/clients/client-5.png]
[risotto.mycookroom.ru/1.0.8/assets/images/clients/client-6.png]
[risotto.mycookroom.ru/1.0.8/about.html]
[risotto.mycookroom.ru/1.0.8/gallery.html]
[risotto.mycookroom.ru/1.0.8/page-404.html]
[risotto.mycookroom.ru/1.0.8/assets/images/shop/3.jpg]
[risotto.mycookroom.ru/1.0.8/assets/images/shop/4.jpg]
[risotto.mycookroom.ru/1.0.8/assets/images/shop/5.jpg]
[risotto.mycookroom.ru/1.0.8/assets/images/shop/6.jpg]
[risotto.mycookroom.ru/1.0.8/assets/images/shop/7.jpg]
[risotto.mycookroom.ru/1.0.8/shop-grid.html]
[risotto.mycookroom.ru/1.0.8/shop-grid-2.html]
[risotto.mycookroom.ru/1.0.8/assets/images/shop/8.jpg]
[risotto.mycookroom.ru/1.0.8/assets/images/shop/9.jpg]
[risotto.mycookroom.ru/1.0.8/assets/images/shop/10.jpg]
[risotto.mycookroom.ru/1.0.8/assets/images/shop/11.jpg]
[neomax.mycookroom.ru/assets/images/avatar/1.83.delayed]
[neomax.mycookroom.ru/assets/images/avatar/2.jpg]
[risotto.mycookroom.ru/1.0.8/shop-product.html]
[risotto.mycookroom.ru/1.0.8/shop-checkout.html]
[risotto.mycookroom.ru/1.0.8/shop-checkout-completed.html]
[lavierestaurant.demo1.wpdance.com/demo/wp-content/uploads/2015/12/55_Shop-180x180.jpg]
[risotto.mycookroom.ru/1.0.8/shop-cart.html]
[risotto.mycookroom.ru/1.0.8/shop-cart-empty.html]
[risotto.mycookroom.ru/1.0.8/assets/images/blog/1.jpg]
[risotto.mycookroom.ru/1.0.8/assets/images/blog/2.jpg]
[risotto.mycookroom.ru/1.0.8/assets/images/blog/3.jpg]
[risotto.mycookroom.ru/1.0.8/assets/images/blog/4.jpg]
[risotto.mycookroom.ru/1.0.8/assets/images/blog/5.jpg]
[risotto.mycookroom.ru/1.0.8/assets/images/blog/6.jpg]
[risotto.mycookroom.ru/1.0.8/blog-2.html]
[risotto.mycookroom.ru/1.0.8/blog.html]
[neomax.mycookroom.ru/assets/images/avatar/3.8c.delayed]
[risotto.mycookroom.ru/1.0.8/blog-single.html]
[risotto.mycookroom.ru/1.0.8/components-accordions.html]
[risotto.mycookroom.ru/1.0.8/components-buttons.html]
[risotto.mycookroom.ru/1.0.8/components-counters.html]
[risotto.mycookroom.ru/1.0.8/components-clients.html]
[risotto.mycookroom.ru/1.0.8/components-featuresbox.html]
[risotto.mycookroom.ru/1.0.8/components-forms.html]
[risotto.mycookroom.ru/1.0.8/components-grid.html]
[risotto.mycookroom.ru/1.0.8/components-iconboxes.html]
[risotto.mycookroom.ru/1.0.8/components-icons-font-awesome.html]
[risotto.mycookroom.ru/1.0.8/components-elegant-icon.html]
[risotto.mycookroom.ru/1.0.8/components-modules.html]
[risotto.mycookroom.ru/1.0.8/components-pagination.html]
[risotto.mycookroom.ru/1.0.8/components-progress-bars.html]
[risotto.mycookroom.ru/1.0.8/components-tabs.html]
[risotto.mycookroom.ru/1.0.8/components-tables.html]
[risotto.mycookroom.ru/1.0.8/components-team.html]
[risotto.mycookroom.ru/1.0.8/components-typography.html]
[risotto.mycookroom.ru/1.0.8/contact.html]
[risotto.mycookroom.ru/1.0.8/assets/bootstrap/fonts/glyphicons-halflings-regular.svg]
[risotto.mycookroom.ru/1.0.8/assets/fonts/fontawesome-webfont5b62.svg]
[risotto.mycookroom.ru/1.0.8/assets/fonts/ElegantIcons.svg]
[neomax.mycookroom.ru/assets/images/avatar/1.html]
[neomax.mycookroom.ru/assets/images/avatar/2.html]
[neomax.mycookroom.ru/assets/images/avatar/3.html]
[localhost_8888/assets/images/signature.png]
